alexandruadrianlis2002@gmail.com
amandashirlow777@gmail.com
amyvhughes@mac.com
a_rinosuke@hotmail.com
artbyfuhst@gmail.com
artinc1@aol.com
barbara.kosoff@verizon.net
bethkhaber@gmail.com
bingfreestudio@gmail.com
bs@bernadetteschweihoff.de
camilleperrottet@gmail.com
carolflaitz@gmail.com
cgahrmann2000@yahoo.com
cheryl@cw-zw.com
chgeiger@me.com
christinemorro@hotmail.com
cindycohen@gmail.com
ckunstadt@gmail.com
claudia@claudiagorman.com
cocreatehealth@gmail.com
compassionanthology@gmail.com
Contact-kate@katelangloisart.com
cpkavana@gmail.com
creativity7@verizon.net
dan_mccormack@yahoo.com
ddavidovits@optonline.net
debrawrightstudio@gmail.com
dev@devharlan.com
dvlink@gmail.com
ectoplasm66@gmail.com
elizabeth.steel@verizon.net
elizabethwhitebyte@yahoo.com
elkedaemmrich@aol.com
ericahauser47@gmail.com
EvaFellner@gmx.at
Eva.Ortega@ursulinehigh.merton.sch.uk
eventhesparrow8@gmail.com
fellner_Sarah@gmx.at
francpalaia1@gmail.com
fvendel@xs4all.nl
ghwatkins@comcast.net
giulianammfusari@gmail.com
gjacketti@gmail.com
gofisch6@gmail.com
goldbergstudioart@gmail.com
gracesmattern@gmail.com
h.brouckaert@gmail.com
heidilanino@yahoo.com
hidalgohidalgo1969@gmail.com
hollyholmesb@gmail.com
iinternational1122@yahoo.com
ilsenoll@msn.com
info@galelynwilliams.com
info@mstudiogallery.com
info@ronanbowes.co.uk
iog@highlands.com
irina3luchian@gmail.com
j.a.hyde@comcast.net
jamesfredericrose@gmail.com
jgcrimmins@gmail.com
jillbird@rcn.com 
joannakaratzas@earthlink.net
jodigerbi@yahoo.com
john@johnrichey.org
johnnythorntonartist@gmail.com
jon@boxdesigns.com
jonnohull@gmail.com
jshings@optimum.net
juliyah88@gmail.com
karhockley@aim.com
kaubrey@groupklement.com
kikito1973.jgs@gmail.com
kmk@email.gwu.edu
krisztina.asztalos@gmail.com
lanacyu@gmail.com
landskybird@gmail.com
lauragurton@gmail.com
lcullen63@yahoo.com
liliana@lilianawashburn.com
lillyruiz@hotmail.com
lindapearlmankarlsberg@gmail.com
lindarafferty@yahoo.co.uk
lis_mig@yahoo.com
lorettaoleck@gmail.com
lydiamanacor@gmail.com
margotkingon@gmail.com
mccarrafitz@hotmail.com
mgostony@yahoo.com
mjbono1@aol.com
monika@lederbauer.com
msc0011@verizon.net
murphyandweaver@aol.com
mwiesblott@gmail.com
naomiteppich@gmail.com
oribeacon@gmail.com
ritell@yahoo.com
ruteventura1@gmail.com
rxcutrona@gmail.com
sheilahfresco@gmail.com
shoshcolors@icloud.com
smoughal@lions.molloy.edu
srosalind@aol.com
ssocreative@gmail.com
suepmiller@rogers.com
tadasana47@gmail.com
taher@tahershafie.com
terrystraus@aol.com
trinabatchelor8@gmail.com
upcloseart@gmail.com
viola4963@yahoo.com.au